ERC report (2026-09-06T15:59:58, Encoding UTF8)
Report includes: Errors

***** Sheet /
[wire_dangling]: Wires not connected to anything
    ; error
    @(218.44 mm, 59.69 mm): Vertical Wire, length 3.81 mm
[wire_dangling]: Wires not connected to anything
    ; error
    @(224.79 mm, 59.69 mm): Vertical Wire, length 3.81 mm
[wire_dangling]: Wires not connected to anything
    ; error
    @(231.14 mm, 59.69 mm): Vertical Wire, length 3.81 mm
[wire_dangling]: Wires not connected to anything
    ; error
    @(237.49 mm, 59.69 mm): Vertical Wire, length 3.81 mm

***** Sheet /Pi_Power/

***** Sheet /HDMI_SPI/

***** Sheet /SSR_Drivers/

***** Sheet /IO_Expanders/

***** Sheet /Water_Meters/

***** Sheet /I2C_Plant/

 ** ERC messages: 4  Errors 4  Warnings 0

 ** Ignored checks:
    - Global label only appears once in the schematic
    - Four connection points are joined together
    - SPICE model issue
    - Assigned footprint doesn't match footprint filters
